// Jest Snapshot v1, https://goo.gl/fbAQLP

exports[`Should render the Update page 1`] = `
Object {
  "asFragment": [Function],
  "baseElement": <body>
    <div>
      <div
        class="update"
      >
        <h1>
          Update
        </h1>
        <h3
          class="update__subtitle"
        >
          Seen something wrong? Correct it here!
        </h3>
        <br />
        <form
          class="update__form"
        >
          <div
            class="update__form--style-div"
          >
            <div
              class="update__form--input-div"
            >
              <label
                class="update__form--label"
                for="entry-id"
              >
                Card ID:
              </label>
              <input
                class="text-input "
                name="entry-id"
                placeholder="Find the unique ID at the bottom of each card"
                type="text"
                value=""
              />
            </div>
            <br />
            <div
              class="update__form--input-div"
            >
              <label
                class="update__form--label"
                for="entry-categories"
              >
                Category to change:
              </label>
              <select
                class="update__form--dropdown"
                name="entry-categories"
              >
                <option
                  value="englishName"
                >
                  English Name
                </option>
                <option
                  value="greekName"
                >
                  Greek Name
                </option>
                <option
                  value="majorDomains"
                >
                  Major Domains
                </option>
                <option
                  value="identifiers"
                >
                  Identifiers
                </option>
                <option
                  value="description"
                >
                  Description
                </option>
              </select>
            </div>
            <div
              class="update__form--input-div"
            >
              <label
                class="update__form--label"
                for="entry-change"
              >
                New data:
              </label>
              <input
                class="text-input "
                name="entry-change"
                placeholder=""
                type="text"
                value=""
              />
            </div>
          </div>
          <br />
          <p
            class="update__form--request"
          >
            If changing domains or identifiers, please input as domain1,domain2,domain3
          </p>
          <button
            class="button "
            type="submit"
          >
            Submit
          </button>
        </form>
      </div>
    </div>
  </body>,
  "container": <div>
    <div
      class="update"
    >
      <h1>
        Update
      </h1>
      <h3
        class="update__subtitle"
      >
        Seen something wrong? Correct it here!
      </h3>
      <br />
      <form
        class="update__form"
      >
        <div
          class="update__form--style-div"
        >
          <div
            class="update__form--input-div"
          >
            <label
              class="update__form--label"
              for="entry-id"
            >
              Card ID:
            </label>
            <input
              class="text-input "
              name="entry-id"
              placeholder="Find the unique ID at the bottom of each card"
              type="text"
              value=""
            />
          </div>
          <br />
          <div
            class="update__form--input-div"
          >
            <label
              class="update__form--label"
              for="entry-categories"
            >
              Category to change:
            </label>
            <select
              class="update__form--dropdown"
              name="entry-categories"
            >
              <option
                value="englishName"
              >
                English Name
              </option>
              <option
                value="greekName"
              >
                Greek Name
              </option>
              <option
                value="majorDomains"
              >
                Major Domains
              </option>
              <option
                value="identifiers"
              >
                Identifiers
              </option>
              <option
                value="description"
              >
                Description
              </option>
            </select>
          </div>
          <div
            class="update__form--input-div"
          >
            <label
              class="update__form--label"
              for="entry-change"
            >
              New data:
            </label>
            <input
              class="text-input "
              name="entry-change"
              placeholder=""
              type="text"
              value=""
            />
          </div>
        </div>
        <br />
        <p
          class="update__form--request"
        >
          If changing domains or identifiers, please input as domain1,domain2,domain3
        </p>
        <button
          class="button "
          type="submit"
        >
          Submit
        </button>
      </form>
    </div>
  </div>,
  "debug": [Function],
  "findAllByAltText": [Function],
  "findAllByDisplayValue": [Function],
  "findAllByLabelText": [Function],
  "findAllByPlaceholderText": [Function],
  "findAllByRole": [Function],
  "findAllByTestId": [Function],
  "findAllByText": [Function],
  "findAllByTitle": [Function],
  "findByAltText": [Function],
  "findByDisplayValue": [Function],
  "findByLabelText": [Function],
  "findByPlaceholderText": [Function],
  "findByRole": [Function],
  "findByTestId": [Function],
  "findByText": [Function],
  "findByTitle": [Function],
  "getAllByAltText": [Function],
  "getAllByDisplayValue": [Function],
  "getAllByLabelText": [Function],
  "getAllByPlaceholderText": [Function],
  "getAllByRole": [Function],
  "getAllByTestId": [Function],
  "getAllByText": [Function],
  "getAllByTitle": [Function],
  "getByAltText": [Function],
  "getByDisplayValue": [Function],
  "getByLabelText": [Function],
  "getByPlaceholderText": [Function],
  "getByRole": [Function],
  "getByTestId": [Function],
  "getByText": [Function],
  "getByTitle": [Function],
  "queryAllByAltText": [Function],
  "queryAllByDisplayValue": [Function],
  "queryAllByLabelText": [Function],
  "queryAllByPlaceholderText": [Function],
  "queryAllByRole": [Function],
  "queryAllByTestId": [Function],
  "queryAllByText": [Function],
  "queryAllByTitle": [Function],
  "queryByAltText": [Function],
  "queryByDisplayValue": [Function],
  "queryByLabelText": [Function],
  "queryByPlaceholderText": [Function],
  "queryByRole": [Function],
  "queryByTestId": [Function],
  "queryByText": [Function],
  "queryByTitle": [Function],
  "rerender": [Function],
  "unmount": [Function],
}
`;
