// Jest Snapshot v1, https://goo.gl/fbAQLP

exports[`Should render the Delete page 1`] = `
Object {
  "asFragment": [Function],
  "baseElement": <body>
    <div>
      <div
        class="delete"
      >
        <h1>
          Delete
        </h1>
        <h3>
          Has something gone too horribly wrong to fix? Delete it from this page.
        </h3>
        <form>
          <div
            class="delete__check"
          >
            <label
              for="deleteSearch"
            >
              Card ID:
            </label>
            <input
              class="text-input "
              name="deleteSearch"
              placeholder="Find the unique ID at the bottom of each card"
              type="text"
              value=""
            />
            <button
              class="button "
              type="submit"
            >
              Submit
            </button>
          </div>
        </form>
      </div>
    </div>
  </body>,
  "container": <div>
    <div
      class="delete"
    >
      <h1>
        Delete
      </h1>
      <h3>
        Has something gone too horribly wrong to fix? Delete it from this page.
      </h3>
      <form>
        <div
          class="delete__check"
        >
          <label
            for="deleteSearch"
          >
            Card ID:
          </label>
          <input
            class="text-input "
            name="deleteSearch"
            placeholder="Find the unique ID at the bottom of each card"
            type="text"
            value=""
          />
          <button
            class="button "
            type="submit"
          >
            Submit
          </button>
        </div>
      </form>
    </div>
  </div>,
  "debug": [Function],
  "findAllByAltText": [Function],
  "findAllByDisplayValue": [Function],
  "findAllByLabelText": [Function],
  "findAllByPlaceholderText": [Function],
  "findAllByRole": [Function],
  "findAllByTestId": [Function],
  "findAllByText": [Function],
  "findAllByTitle": [Function],
  "findByAltText": [Function],
  "findByDisplayValue": [Function],
  "findByLabelText": [Function],
  "findByPlaceholderText": [Function],
  "findByRole": [Function],
  "findByTestId": [Function],
  "findByText": [Function],
  "findByTitle": [Function],
  "getAllByAltText": [Function],
  "getAllByDisplayValue": [Function],
  "getAllByLabelText": [Function],
  "getAllByPlaceholderText": [Function],
  "getAllByRole": [Function],
  "getAllByTestId": [Function],
  "getAllByText": [Function],
  "getAllByTitle": [Function],
  "getByAltText": [Function],
  "getByDisplayValue": [Function],
  "getByLabelText": [Function],
  "getByPlaceholderText": [Function],
  "getByRole": [Function],
  "getByTestId": [Function],
  "getByText": [Function],
  "getByTitle": [Function],
  "queryAllByAltText": [Function],
  "queryAllByDisplayValue": [Function],
  "queryAllByLabelText": [Function],
  "queryAllByPlaceholderText": [Function],
  "queryAllByRole": [Function],
  "queryAllByTestId": [Function],
  "queryAllByText": [Function],
  "queryAllByTitle": [Function],
  "queryByAltText": [Function],
  "queryByDisplayValue": [Function],
  "queryByLabelText": [Function],
  "queryByPlaceholderText": [Function],
  "queryByRole": [Function],
  "queryByTestId": [Function],
  "queryByText": [Function],
  "queryByTitle": [Function],
  "rerender": [Function],
  "unmount": [Function],
}
`;
